// Jest Snapshot v1, https://goo.gl/fbAQLP

exports[`renders text passed as children 1`] = `
<span
  className="ta-anim"
>
  <span
    className=""
  >
    
  </span>
  <span
    className="ta-cursor"
  >
    |
  </span>
</span>
`;
